2001:0db8::0001 422 = [2001:db8::1]:422
21 > 10

2001:0db8::0001  = [2001:db8::1]
17 > 8

2000:0000:0000:0000:0001:2345:6789:abcd 61232 = [2000::1:2345:6789:abcd]:61232
47 > 17

127.0.0.1 80 = 127.0.0.1:80
12 > 6

245.14.12.232  = 245.14.12.232
13 > 5

